2026-04-30 11:10:34,930 856 WARNING ? odoo.tools.config: option without_demo: since 19.0, invalid boolean value: 'all', assume True 
2026-04-30 11:10:34,930 856 WARNING ? odoo.tools.config: option without_demo: since 19.0, invalid boolean value: 'all', assume True 
2026-04-30 11:10:34,930 856 WARNING ? odoo.tools.config: missing --http-interface/http_interface, using 0.0.0.0 by default, will change to 127.0.0.1 in 20.0 
2026-04-30 11:10:34,931 856 INFO ? odoo: Odoo version 19.0 
2026-04-30 11:10:34,931 856 INFO ? odoo: Using configuration file at /etc/odoo/odoo.conf 
2026-04-30 11:10:34,931 856 INFO ? odoo: addons paths: _NamespacePath(['/opt/odoo/odoo/addons', '/opt/odoo/odoo/addons', '__editable__.odoo-19.0.finder.__path_hook__', '/var/lib/odoo/addons/19.0', '/opt/odoo/addons', '/opt/odoo/enterprise', '/opt/odoo/custom_addons']) 
2026-04-30 11:10:34,931 856 INFO ? odoo: database: odoo@db:5432 
2026-04-30 11:10:35,555 856 INFO ? odoo.service.server: HTTP service (werkzeug) running on e715005811d9:8888 
2026-04-30 11:10:35,690 856 INFO namco_odoo19 odoo.tests.common: Importing test framework 
2026-04-30 11:10:35,729 856 INFO namco_odoo19 odoo.modules.loading: loading 1 modules... 
2026-04-30 11:10:35,736 856 ERROR namco_odoo19 odoo.tests.tag_selector: Invalid tag /multichannel_hub_fulfillment/tests/test_gearment_api_log_db 
2026-04-30 11:10:35,736 856 ERROR namco_odoo19 odoo.tests.tag_selector: Invalid tag /multichannel_hub_fulfillment/tests/test_gearment_adapter_orm 
2026-04-30 11:10:35,736 856 ERROR namco_odoo19 odoo.tests.tag_selector: Invalid tag /multichannel_hub_fulfillment/tests/test_gearment_adapter_phase1 
2026-04-30 11:10:35,938 856 INFO namco_odoo19 odoo.modules.loading: 1 modules loaded in 0.21s, 0 queries (+0 extra) 
2026-04-30 11:10:35,992 856 INFO namco_odoo19 odoo.modules.loading: loading 100 modules... 
2026-04-30 11:10:35,993 856 ERROR namco_odoo19 odoo.tests.tag_selector: Invalid tag /multichannel_hub_fulfillment/tests/test_gearment_api_log_db 
2026-04-30 11:10:35,993 856 ERROR namco_odoo19 odoo.tests.tag_selector: Invalid tag /multichannel_hub_fulfillment/tests/test_gearment_adapter_orm 
2026-04-30 11:10:35,993 856 ERROR namco_odoo19 odoo.tests.tag_selector: Invalid tag /multichannel_hub_fulfillment/tests/test_gearment_adapter_phase1 
2026-04-30 11:10:35,996 856 ERROR namco_odoo19 odoo.tests.tag_selector: Invalid tag /multichannel_hub_fulfillment/tests/test_gearment_api_log_db 
2026-04-30 11:10:35,996 856 ERROR namco_odoo19 odoo.tests.tag_selector: Invalid tag /multichannel_hub_fulfillment/tests/test_gearment_adapter_orm 
2026-04-30 11:10:35,997 856 ERROR namco_odoo19 odoo.tests.tag_selector: Invalid tag /multichannel_hub_fulfillment/tests/test_gearment_adapter_phase1 
2026-04-30 11:10:36,000 856 ERROR namco_odoo19 odoo.tests.tag_selector: Invalid tag /multichannel_hub_fulfillment/tests/test_gearment_api_log_db 
2026-04-30 11:10:36,000 856 ERROR namco_odoo19 odoo.tests.tag_selector: Invalid tag /multichannel_hub_fulfillment/tests/test_gearment_adapter_orm 
2026-04-30 11:10:36,000 856 ERROR namco_odoo19 odoo.tests.tag_selector: Invalid tag /multichannel_hub_fulfillment/tests/test_gearment_adapter_phase1 
2026-04-30 11:10:36,020 856 ERROR namco_odoo19 odoo.tests.tag_selector: Invalid tag /multichannel_hub_fulfillment/tests/test_gearment_api_log_db 
2026-04-30 11:10:36,020 856 ERROR namco_odoo19 odoo.tests.tag_selector: Invalid tag /multichannel_hub_fulfillment/tests/test_gearment_adapter_orm 
2026-04-30 11:10:36,020 856 ERROR namco_odoo19 odoo.tests.tag_selector: Invalid tag /multichannel_hub_fulfillment/tests/test_gearment_adapter_phase1 
2026-04-30 11:10:36,035 856 ERROR namco_odoo19 odoo.tests.tag_selector: Invalid tag /multichannel_hub_fulfillment/tests/test_gearment_api_log_db 
2026-04-30 11:10:36,035 856 ERROR namco_odoo19 odoo.tests.tag_selector: Invalid tag /multichannel_hub_fulfillment/tests/test_gearment_adapter_orm 
2026-04-30 11:10:36,035 856 ERROR namco_odoo19 odoo.tests.tag_selector: Invalid tag /multichannel_hub_fulfillment/tests/test_gearment_adapter_phase1 
2026-04-30 11:10:36,041 856 ERROR namco_odoo19 odoo.tests.tag_selector: Invalid tag /multichannel_hub_fulfillment/tests/test_gearment_api_log_db 
2026-04-30 11:10:36,042 856 ERROR namco_odoo19 odoo.tests.tag_selector: Invalid tag /multichannel_hub_fulfillment/tests/test_gearment_adapter_orm 
2026-04-30 11:10:36,042 856 ERROR namco_odoo19 odoo.tests.tag_selector: Invalid tag /multichannel_hub_fulfillment/tests/test_gearment_adapter_phase1 
2026-04-30 11:10:36,047 856 ERROR namco_odoo19 odoo.tests.tag_selector: Invalid tag /multichannel_hub_fulfillment/tests/test_gearment_api_log_db 
2026-04-30 11:10:36,047 856 ERROR namco_odoo19 odoo.tests.tag_selector: Invalid tag /multichannel_hub_fulfillment/tests/test_gearment_adapter_orm 
2026-04-30 11:10:36,047 856 ERROR namco_odoo19 odoo.tests.tag_selector: Invalid tag /multichannel_hub_fulfillment/tests/test_gearment_adapter_phase1 
2026-04-30 11:10:36,052 856 ERROR namco_odoo19 odoo.tests.tag_selector: Invalid tag /multichannel_hub_fulfillment/tests/test_gearment_api_log_db 
2026-04-30 11:10:36,052 856 ERROR namco_odoo19 odoo.tests.tag_selector: Invalid tag /multichannel_hub_fulfillment/tests/test_gearment_adapter_orm 
2026-04-30 11:10:36,052 856 ERROR namco_odoo19 odoo.tests.tag_selector: Invalid tag /multichannel_hub_fulfillment/tests/test_gearment_adapter_phase1 
2026-04-30 11:10:36,057 856 ERROR namco_odoo19 odoo.tests.tag_selector: Invalid tag /multichannel_hub_fulfillment/tests/test_gearment_api_log_db 
2026-04-30 11:10:36,057 856 ERROR namco_odoo19 odoo.tests.tag_selector: Invalid tag /multichannel_hub_fulfillment/tests/test_gearment_adapter_orm 
2026-04-30 11:10:36,057 856 ERROR namco_odoo19 odoo.tests.tag_selector: Invalid tag /multichannel_hub_fulfillment/tests/test_gearment_adapter_phase1 
2026-04-30 11:10:36,072 856 ERROR namco_odoo19 odoo.tests.tag_selector: Invalid tag /multichannel_hub_fulfillment/tests/test_gearment_api_log_db 
2026-04-30 11:10:36,072 856 ERROR namco_odoo19 odoo.tests.tag_selector: Invalid tag /multichannel_hub_fulfillment/tests/test_gearment_adapter_orm 
2026-04-30 11:10:36,072 856 ERROR namco_odoo19 odoo.tests.tag_selector: Invalid tag /multichannel_hub_fulfillment/tests/test_gearment_adapter_phase1 
2026-04-30 11:10:36,077 856 ERROR namco_odoo19 odoo.tests.tag_selector: Invalid tag /multichannel_hub_fulfillment/tests/test_gearment_api_log_db 
2026-04-30 11:10:36,077 856 ERROR namco_odoo19 odoo.tests.tag_selector: Invalid tag /multichannel_hub_fulfillment/tests/test_gearment_adapter_orm 
2026-04-30 11:10:36,077 856 ERROR namco_odoo19 odoo.tests.tag_selector: Invalid tag /multichannel_hub_fulfillment/tests/test_gearment_adapter_phase1 
2026-04-30 11:10:36,081 856 ERROR namco_odoo19 odoo.tests.tag_selector: Invalid tag /multichannel_hub_fulfillment/tests/test_gearment_api_log_db 
2026-04-30 11:10:36,081 856 ERROR namco_odoo19 odoo.tests.tag_selector: Invalid tag /multichannel_hub_fulfillment/tests/test_gearment_adapter_orm 
2026-04-30 11:10:36,081 856 ERROR namco_odoo19 odoo.tests.tag_selector: Invalid tag /multichannel_hub_fulfillment/tests/test_gearment_adapter_phase1 
2026-04-30 11:10:36,203 856 ERROR namco_odoo19 odoo.tests.tag_selector: Invalid tag /multichannel_hub_fulfillment/tests/test_gearment_api_log_db 
2026-04-30 11:10:36,203 856 ERROR namco_odoo19 odoo.tests.tag_selector: Invalid tag /multichannel_hub_fulfillment/tests/test_gearment_adapter_orm 
2026-04-30 11:10:36,203 856 ERROR namco_odoo19 odoo.tests.tag_selector: Invalid tag /multichannel_hub_fulfillment/tests/test_gearment_adapter_phase1 
2026-04-30 11:10:36,209 856 ERROR namco_odoo19 odoo.tests.tag_selector: Invalid tag /multichannel_hub_fulfillment/tests/test_gearment_api_log_db 
2026-04-30 11:10:36,209 856 ERROR namco_odoo19 odoo.tests.tag_selector: Invalid tag /multichannel_hub_fulfillment/tests/test_gearment_adapter_orm 
2026-04-30 11:10:36,209 856 ERROR namco_odoo19 odoo.tests.tag_selector: Invalid tag /multichannel_hub_fulfillment/tests/test_gearment_adapter_phase1 
2026-04-30 11:10:36,216 856 ERROR namco_odoo19 odoo.tests.tag_selector: Invalid tag /multichannel_hub_fulfillment/tests/test_gearment_api_log_db 
2026-04-30 11:10:36,217 856 ERROR namco_odoo19 odoo.tests.tag_selector: Invalid tag /multichannel_hub_fulfillment/tests/test_gearment_adapter_orm 
2026-04-30 11:10:36,217 856 ERROR namco_odoo19 odoo.tests.tag_selector: Invalid tag /multichannel_hub_fulfillment/tests/test_gearment_adapter_phase1 
2026-04-30 11:10:36,221 856 ERROR namco_odoo19 odoo.tests.tag_selector: Invalid tag /multichannel_hub_fulfillment/tests/test_gearment_api_log_db 
2026-04-30 11:10:36,222 856 ERROR namco_odoo19 odoo.tests.tag_selector: Invalid tag /multichannel_hub_fulfillment/tests/test_gearment_adapter_orm 
2026-04-30 11:10:36,222 856 ERROR namco_odoo19 odoo.tests.tag_selector: Invalid tag /multichannel_hub_fulfillment/tests/test_gearment_adapter_phase1 
2026-04-30 11:10:36,226 856 ERROR namco_odoo19 odoo.tests.tag_selector: Invalid tag /multichannel_hub_fulfillment/tests/test_gearment_api_log_db 
2026-04-30 11:10:36,226 856 ERROR namco_odoo19 odoo.tests.tag_selector: Invalid tag /multichannel_hub_fulfillment/tests/test_gearment_adapter_orm 
2026-04-30 11:10:36,226 856 ERROR namco_odoo19 odoo.tests.tag_selector: Invalid tag /multichannel_hub_fulfillment/tests/test_gearment_adapter_phase1 
2026-04-30 11:10:36,229 856 ERROR namco_odoo19 odoo.tests.tag_selector: Invalid tag /multichannel_hub_fulfillment/tests/test_gearment_api_log_db 
2026-04-30 11:10:36,229 856 ERROR namco_odoo19 odoo.tests.tag_selector: Invalid tag /multichannel_hub_fulfillment/tests/test_gearment_adapter_orm 
2026-04-30 11:10:36,229 856 ERROR namco_odoo19 odoo.tests.tag_selector: Invalid tag /multichannel_hub_fulfillment/tests/test_gearment_adapter_phase1 
2026-04-30 11:10:36,287 856 ERROR namco_odoo19 odoo.tests.tag_selector: Invalid tag /multichannel_hub_fulfillment/tests/test_gearment_api_log_db 
2026-04-30 11:10:36,287 856 ERROR namco_odoo19 odoo.tests.tag_selector: Invalid tag /multichannel_hub_fulfillment/tests/test_gearment_adapter_orm 
2026-04-30 11:10:36,287 856 ERROR namco_odoo19 odoo.tests.tag_selector: Invalid tag /multichannel_hub_fulfillment/tests/test_gearment_adapter_phase1 
2026-04-30 11:10:36,291 856 ERROR namco_odoo19 odoo.tests.tag_selector: Invalid tag /multichannel_hub_fulfillment/tests/test_gearment_api_log_db 
2026-04-30 11:10:36,291 856 ERROR namco_odoo19 odoo.tests.tag_selector: Invalid tag /multichannel_hub_fulfillment/tests/test_gearment_adapter_orm 
2026-04-30 11:10:36,291 856 ERROR namco_odoo19 odoo.tests.tag_selector: Invalid tag /multichannel_hub_fulfillment/tests/test_gearment_adapter_phase1 
2026-04-30 11:10:36,420 856 ERROR namco_odoo19 odoo.tests.tag_selector: Invalid tag /multichannel_hub_fulfillment/tests/test_gearment_api_log_db 
2026-04-30 11:10:36,420 856 ERROR namco_odoo19 odoo.tests.tag_selector: Invalid tag /multichannel_hub_fulfillment/tests/test_gearment_adapter_orm 
2026-04-30 11:10:36,420 856 ERROR namco_odoo19 odoo.tests.tag_selector: Invalid tag /multichannel_hub_fulfillment/tests/test_gearment_adapter_phase1 
2026-04-30 11:10:36,424 856 ERROR namco_odoo19 odoo.tests.tag_selector: Invalid tag /multichannel_hub_fulfillment/tests/test_gearment_api_log_db 
2026-04-30 11:10:36,424 856 ERROR namco_odoo19 odoo.tests.tag_selector: Invalid tag /multichannel_hub_fulfillment/tests/test_gearment_adapter_orm 
2026-04-30 11:10:36,424 856 ERROR namco_odoo19 odoo.tests.tag_selector: Invalid tag /multichannel_hub_fulfillment/tests/test_gearment_adapter_phase1 
2026-04-30 11:10:36,428 856 ERROR namco_odoo19 odoo.tests.tag_selector: Invalid tag /multichannel_hub_fulfillment/tests/test_gearment_api_log_db 
2026-04-30 11:10:36,428 856 ERROR namco_odoo19 odoo.tests.tag_selector: Invalid tag /multichannel_hub_fulfillment/tests/test_gearment_adapter_orm 
2026-04-30 11:10:36,428 856 ERROR namco_odoo19 odoo.tests.tag_selector: Invalid tag /multichannel_hub_fulfillment/tests/test_gearment_adapter_phase1 
2026-04-30 11:10:36,435 856 ERROR namco_odoo19 odoo.tests.tag_selector: Invalid tag /multichannel_hub_fulfillment/tests/test_gearment_api_log_db 
2026-04-30 11:10:36,435 856 ERROR namco_odoo19 odoo.tests.tag_selector: Invalid tag /multichannel_hub_fulfillment/tests/test_gearment_adapter_orm 
2026-04-30 11:10:36,435 856 ERROR namco_odoo19 odoo.tests.tag_selector: Invalid tag /multichannel_hub_fulfillment/tests/test_gearment_adapter_phase1 
2026-04-30 11:10:36,441 856 ERROR namco_odoo19 odoo.tests.tag_selector: Invalid tag /multichannel_hub_fulfillment/tests/test_gearment_api_log_db 
2026-04-30 11:10:36,441 856 ERROR namco_odoo19 odoo.tests.tag_selector: Invalid tag /multichannel_hub_fulfillment/tests/test_gearment_adapter_orm 
2026-04-30 11:10:36,441 856 ERROR namco_odoo19 odoo.tests.tag_selector: Invalid tag /multichannel_hub_fulfillment/tests/test_gearment_adapter_phase1 
2026-04-30 11:10:36,446 856 ERROR namco_odoo19 odoo.tests.tag_selector: Invalid tag /multichannel_hub_fulfillment/tests/test_gearment_api_log_db 
2026-04-30 11:10:36,446 856 ERROR namco_odoo19 odoo.tests.tag_selector: Invalid tag /multichannel_hub_fulfillment/tests/test_gearment_adapter_orm 
2026-04-30 11:10:36,446 856 ERROR namco_odoo19 odoo.tests.tag_selector: Invalid tag /multichannel_hub_fulfillment/tests/test_gearment_adapter_phase1 
2026-04-30 11:10:36,450 856 ERROR namco_odoo19 odoo.tests.tag_selector: Invalid tag /multichannel_hub_fulfillment/tests/test_gearment_api_log_db 
2026-04-30 11:10:36,450 856 ERROR namco_odoo19 odoo.tests.tag_selector: Invalid tag /multichannel_hub_fulfillment/tests/test_gearment_adapter_orm 
2026-04-30 11:10:36,451 856 ERROR namco_odoo19 odoo.tests.tag_selector: Invalid tag /multichannel_hub_fulfillment/tests/test_gearment_adapter_phase1 
2026-04-30 11:10:36,469 856 ERROR namco_odoo19 odoo.tests.tag_selector: Invalid tag /multichannel_hub_fulfillment/tests/test_gearment_api_log_db 
2026-04-30 11:10:36,469 856 ERROR namco_odoo19 odoo.tests.tag_selector: Invalid tag /multichannel_hub_fulfillment/tests/test_gearment_adapter_orm 
2026-04-30 11:10:36,470 856 ERROR namco_odoo19 odoo.tests.tag_selector: Invalid tag /multichannel_hub_fulfillment/tests/test_gearment_adapter_phase1 
2026-04-30 11:10:36,475 856 ERROR namco_odoo19 odoo.tests.tag_selector: Invalid tag /multichannel_hub_fulfillment/tests/test_gearment_api_log_db 
2026-04-30 11:10:36,475 856 ERROR namco_odoo19 odoo.tests.tag_selector: Invalid tag /multichannel_hub_fulfillment/tests/test_gearment_adapter_orm 
2026-04-30 11:10:36,476 856 ERROR namco_odoo19 odoo.tests.tag_selector: Invalid tag /multichannel_hub_fulfillment/tests/test_gearment_adapter_phase1 
2026-04-30 11:10:36,482 856 ERROR namco_odoo19 odoo.tests.tag_selector: Invalid tag /multichannel_hub_fulfillment/tests/test_gearment_api_log_db 
2026-04-30 11:10:36,482 856 ERROR namco_odoo19 odoo.tests.tag_selector: Invalid tag /multichannel_hub_fulfillment/tests/test_gearment_adapter_orm 
2026-04-30 11:10:36,482 856 ERROR namco_odoo19 odoo.tests.tag_selector: Invalid tag /multichannel_hub_fulfillment/tests/test_gearment_adapter_phase1 
2026-04-30 11:10:36,486 856 ERROR namco_odoo19 odoo.tests.tag_selector: Invalid tag /multichannel_hub_fulfillment/tests/test_gearment_api_log_db 
2026-04-30 11:10:36,486 856 ERROR namco_odoo19 odoo.tests.tag_selector: Invalid tag /multichannel_hub_fulfillment/tests/test_gearment_adapter_orm 
2026-04-30 11:10:36,486 856 ERROR namco_odoo19 odoo.tests.tag_selector: Invalid tag /multichannel_hub_fulfillment/tests/test_gearment_adapter_phase1 
2026-04-30 11:10:36,490 856 ERROR namco_odoo19 odoo.tests.tag_selector: Invalid tag /multichannel_hub_fulfillment/tests/test_gearment_api_log_db 
2026-04-30 11:10:36,490 856 ERROR namco_odoo19 odoo.tests.tag_selector: Invalid tag /multichannel_hub_fulfillment/tests/test_gearment_adapter_orm 
2026-04-30 11:10:36,490 856 ERROR namco_odoo19 odoo.tests.tag_selector: Invalid tag /multichannel_hub_fulfillment/tests/test_gearment_adapter_phase1 
2026-04-30 11:10:36,492 856 ERROR namco_odoo19 odoo.tests.tag_selector: Invalid tag /multichannel_hub_fulfillment/tests/test_gearment_api_log_db 
2026-04-30 11:10:36,492 856 ERROR namco_odoo19 odoo.tests.tag_selector: Invalid tag /multichannel_hub_fulfillment/tests/test_gearment_adapter_orm 
2026-04-30 11:10:36,492 856 ERROR namco_odoo19 odoo.tests.tag_selector: Invalid tag /multichannel_hub_fulfillment/tests/test_gearment_adapter_phase1 
2026-04-30 11:10:36,496 856 ERROR namco_odoo19 odoo.tests.tag_selector: Invalid tag /multichannel_hub_fulfillment/tests/test_gearment_api_log_db 
2026-04-30 11:10:36,497 856 ERROR namco_odoo19 odoo.tests.tag_selector: Invalid tag /multichannel_hub_fulfillment/tests/test_gearment_adapter_orm 
2026-04-30 11:10:36,497 856 ERROR namco_odoo19 odoo.tests.tag_selector: Invalid tag /multichannel_hub_fulfillment/tests/test_gearment_adapter_phase1 
2026-04-30 11:10:36,499 856 ERROR namco_odoo19 odoo.tests.tag_selector: Invalid tag /multichannel_hub_fulfillment/tests/test_gearment_api_log_db 
2026-04-30 11:10:36,499 856 ERROR namco_odoo19 odoo.tests.tag_selector: Invalid tag /multichannel_hub_fulfillment/tests/test_gearment_adapter_orm 
2026-04-30 11:10:36,499 856 ERROR namco_odoo19 odoo.tests.tag_selector: Invalid tag /multichannel_hub_fulfillment/tests/test_gearment_adapter_phase1 
2026-04-30 11:10:36,501 856 ERROR namco_odoo19 odoo.tests.tag_selector: Invalid tag /multichannel_hub_fulfillment/tests/test_gearment_api_log_db 
2026-04-30 11:10:36,501 856 ERROR namco_odoo19 odoo.tests.tag_selector: Invalid tag /multichannel_hub_fulfillment/tests/test_gearment_adapter_orm 
2026-04-30 11:10:36,502 856 ERROR namco_odoo19 odoo.tests.tag_selector: Invalid tag /multichannel_hub_fulfillment/tests/test_gearment_adapter_phase1 
2026-04-30 11:10:36,503 856 ERROR namco_odoo19 odoo.tests.tag_selector: Invalid tag /multichannel_hub_fulfillment/tests/test_gearment_api_log_db 
2026-04-30 11:10:36,503 856 ERROR namco_odoo19 odoo.tests.tag_selector: Invalid tag /multichannel_hub_fulfillment/tests/test_gearment_adapter_orm 
2026-04-30 11:10:36,503 856 ERROR namco_odoo19 odoo.tests.tag_selector: Invalid tag /multichannel_hub_fulfillment/tests/test_gearment_adapter_phase1 
2026-04-30 11:10:36,508 856 ERROR namco_odoo19 odoo.tests.tag_selector: Invalid tag /multichannel_hub_fulfillment/tests/test_gearment_api_log_db 
2026-04-30 11:10:36,508 856 ERROR namco_odoo19 odoo.tests.tag_selector: Invalid tag /multichannel_hub_fulfillment/tests/test_gearment_adapter_orm 
2026-04-30 11:10:36,508 856 ERROR namco_odoo19 odoo.tests.tag_selector: Invalid tag /multichannel_hub_fulfillment/tests/test_gearment_adapter_phase1 
2026-04-30 11:10:36,518 856 ERROR namco_odoo19 odoo.tests.tag_selector: Invalid tag /multichannel_hub_fulfillment/tests/test_gearment_api_log_db 
2026-04-30 11:10:36,518 856 ERROR namco_odoo19 odoo.tests.tag_selector: Invalid tag /multichannel_hub_fulfillment/tests/test_gearment_adapter_orm 
2026-04-30 11:10:36,518 856 ERROR namco_odoo19 odoo.tests.tag_selector: Invalid tag /multichannel_hub_fulfillment/tests/test_gearment_adapter_phase1 
2026-04-30 11:10:36,525 856 ERROR namco_odoo19 odoo.tests.tag_selector: Invalid tag /multichannel_hub_fulfillment/tests/test_gearment_api_log_db 
2026-04-30 11:10:36,525 856 ERROR namco_odoo19 odoo.tests.tag_selector: Invalid tag /multichannel_hub_fulfillment/tests/test_gearment_adapter_orm 
2026-04-30 11:10:36,525 856 ERROR namco_odoo19 odoo.tests.tag_selector: Invalid tag /multichannel_hub_fulfillment/tests/test_gearment_adapter_phase1 
2026-04-30 11:10:36,548 856 ERROR namco_odoo19 odoo.tests.tag_selector: Invalid tag /multichannel_hub_fulfillment/tests/test_gearment_api_log_db 
2026-04-30 11:10:36,548 856 ERROR namco_odoo19 odoo.tests.tag_selector: Invalid tag /multichannel_hub_fulfillment/tests/test_gearment_adapter_orm 
2026-04-30 11:10:36,548 856 ERROR namco_odoo19 odoo.tests.tag_selector: Invalid tag /multichannel_hub_fulfillment/tests/test_gearment_adapter_phase1 
2026-04-30 11:10:36,559 856 ERROR namco_odoo19 odoo.tests.tag_selector: Invalid tag /multichannel_hub_fulfillment/tests/test_gearment_api_log_db 
2026-04-30 11:10:36,559 856 ERROR namco_odoo19 odoo.tests.tag_selector: Invalid tag /multichannel_hub_fulfillment/tests/test_gearment_adapter_orm 
2026-04-30 11:10:36,559 856 ERROR namco_odoo19 odoo.tests.tag_selector: Invalid tag /multichannel_hub_fulfillment/tests/test_gearment_adapter_phase1 
2026-04-30 11:10:36,563 856 ERROR namco_odoo19 odoo.tests.tag_selector: Invalid tag /multichannel_hub_fulfillment/tests/test_gearment_api_log_db 
2026-04-30 11:10:36,563 856 ERROR namco_odoo19 odoo.tests.tag_selector: Invalid tag /multichannel_hub_fulfillment/tests/test_gearment_adapter_orm 
2026-04-30 11:10:36,563 856 ERROR namco_odoo19 odoo.tests.tag_selector: Invalid tag /multichannel_hub_fulfillment/tests/test_gearment_adapter_phase1 
2026-04-30 11:10:36,566 856 ERROR namco_odoo19 odoo.tests.tag_selector: Invalid tag /multichannel_hub_fulfillment/tests/test_gearment_api_log_db 
2026-04-30 11:10:36,566 856 ERROR namco_odoo19 odoo.tests.tag_selector: Invalid tag /multichannel_hub_fulfillment/tests/test_gearment_adapter_orm 
2026-04-30 11:10:36,566 856 ERROR namco_odoo19 odoo.tests.tag_selector: Invalid tag /multichannel_hub_fulfillment/tests/test_gearment_adapter_phase1 
2026-04-30 11:10:36,569 856 ERROR namco_odoo19 odoo.tests.tag_selector: Invalid tag /multichannel_hub_fulfillment/tests/test_gearment_api_log_db 
2026-04-30 11:10:36,569 856 ERROR namco_odoo19 odoo.tests.tag_selector: Invalid tag /multichannel_hub_fulfillment/tests/test_gearment_adapter_orm 
2026-04-30 11:10:36,569 856 ERROR namco_odoo19 odoo.tests.tag_selector: Invalid tag /multichannel_hub_fulfillment/tests/test_gearment_adapter_phase1 
2026-04-30 11:10:36,616 856 ERROR namco_odoo19 odoo.tests.tag_selector: Invalid tag /multichannel_hub_fulfillment/tests/test_gearment_api_log_db 
2026-04-30 11:10:36,616 856 ERROR namco_odoo19 odoo.tests.tag_selector: Invalid tag /multichannel_hub_fulfillment/tests/test_gearment_adapter_orm 
2026-04-30 11:10:36,616 856 ERROR namco_odoo19 odoo.tests.tag_selector: Invalid tag /multichannel_hub_fulfillment/tests/test_gearment_adapter_phase1 
2026-04-30 11:10:36,617 856 ERROR namco_odoo19 odoo.tests.tag_selector: Invalid tag /multichannel_hub_fulfillment/tests/test_gearment_api_log_db 
2026-04-30 11:10:36,617 856 ERROR namco_odoo19 odoo.tests.tag_selector: Invalid tag /multichannel_hub_fulfillment/tests/test_gearment_adapter_orm 
2026-04-30 11:10:36,617 856 ERROR namco_odoo19 odoo.tests.tag_selector: Invalid tag /multichannel_hub_fulfillment/tests/test_gearment_adapter_phase1 
2026-04-30 11:10:36,629 856 ERROR namco_odoo19 odoo.tests.tag_selector: Invalid tag /multichannel_hub_fulfillment/tests/test_gearment_api_log_db 
2026-04-30 11:10:36,630 856 ERROR namco_odoo19 odoo.tests.tag_selector: Invalid tag /multichannel_hub_fulfillment/tests/test_gearment_adapter_orm 
2026-04-30 11:10:36,630 856 ERROR namco_odoo19 odoo.tests.tag_selector: Invalid tag /multichannel_hub_fulfillment/tests/test_gearment_adapter_phase1 
2026-04-30 11:10:36,637 856 ERROR namco_odoo19 odoo.tests.tag_selector: Invalid tag /multichannel_hub_fulfillment/tests/test_gearment_api_log_db 
2026-04-30 11:10:36,638 856 ERROR namco_odoo19 odoo.tests.tag_selector: Invalid tag /multichannel_hub_fulfillment/tests/test_gearment_adapter_orm 
2026-04-30 11:10:36,638 856 ERROR namco_odoo19 odoo.tests.tag_selector: Invalid tag /multichannel_hub_fulfillment/tests/test_gearment_adapter_phase1 
2026-04-30 11:10:36,654 856 ERROR namco_odoo19 odoo.tests.tag_selector: Invalid tag /multichannel_hub_fulfillment/tests/test_gearment_api_log_db 
2026-04-30 11:10:36,654 856 ERROR namco_odoo19 odoo.tests.tag_selector: Invalid tag /multichannel_hub_fulfillment/tests/test_gearment_adapter_orm 
2026-04-30 11:10:36,654 856 ERROR namco_odoo19 odoo.tests.tag_selector: Invalid tag /multichannel_hub_fulfillment/tests/test_gearment_adapter_phase1 
2026-04-30 11:10:36,763 856 ERROR namco_odoo19 odoo.tests.tag_selector: Invalid tag /multichannel_hub_fulfillment/tests/test_gearment_api_log_db 
2026-04-30 11:10:36,763 856 ERROR namco_odoo19 odoo.tests.tag_selector: Invalid tag /multichannel_hub_fulfillment/tests/test_gearment_adapter_orm 
2026-04-30 11:10:36,763 856 ERROR namco_odoo19 odoo.tests.tag_selector: Invalid tag /multichannel_hub_fulfillment/tests/test_gearment_adapter_phase1 
2026-04-30 11:10:36,765 856 ERROR namco_odoo19 odoo.tests.tag_selector: Invalid tag /multichannel_hub_fulfillment/tests/test_gearment_api_log_db 
2026-04-30 11:10:36,765 856 ERROR namco_odoo19 odoo.tests.tag_selector: Invalid tag /multichannel_hub_fulfillment/tests/test_gearment_adapter_orm 
2026-04-30 11:10:36,765 856 ERROR namco_odoo19 odoo.tests.tag_selector: Invalid tag /multichannel_hub_fulfillment/tests/test_gearment_adapter_phase1 
2026-04-30 11:10:36,767 856 ERROR namco_odoo19 odoo.tests.tag_selector: Invalid tag /multichannel_hub_fulfillment/tests/test_gearment_api_log_db 
2026-04-30 11:10:36,767 856 ERROR namco_odoo19 odoo.tests.tag_selector: Invalid tag /multichannel_hub_fulfillment/tests/test_gearment_adapter_orm 
2026-04-30 11:10:36,767 856 ERROR namco_odoo19 odoo.tests.tag_selector: Invalid tag /multichannel_hub_fulfillment/tests/test_gearment_adapter_phase1 
2026-04-30 11:10:36,772 856 ERROR namco_odoo19 odoo.tests.tag_selector: Invalid tag /multichannel_hub_fulfillment/tests/test_gearment_api_log_db 
2026-04-30 11:10:36,772 856 ERROR namco_odoo19 odoo.tests.tag_selector: Invalid tag /multichannel_hub_fulfillment/tests/test_gearment_adapter_orm 
2026-04-30 11:10:36,772 856 ERROR namco_odoo19 odoo.tests.tag_selector: Invalid tag /multichannel_hub_fulfillment/tests/test_gearment_adapter_phase1 
2026-04-30 11:10:36,792 856 ERROR namco_odoo19 odoo.tests.tag_selector: Invalid tag /multichannel_hub_fulfillment/tests/test_gearment_api_log_db 
2026-04-30 11:10:36,792 856 ERROR namco_odoo19 odoo.tests.tag_selector: Invalid tag /multichannel_hub_fulfillment/tests/test_gearment_adapter_orm 
2026-04-30 11:10:36,792 856 ERROR namco_odoo19 odoo.tests.tag_selector: Invalid tag /multichannel_hub_fulfillment/tests/test_gearment_adapter_phase1 
2026-04-30 11:10:36,803 856 ERROR namco_odoo19 odoo.tests.tag_selector: Invalid tag /multichannel_hub_fulfillment/tests/test_gearment_api_log_db 
2026-04-30 11:10:36,803 856 ERROR namco_odoo19 odoo.tests.tag_selector: Invalid tag /multichannel_hub_fulfillment/tests/test_gearment_adapter_orm 
2026-04-30 11:10:36,803 856 ERROR namco_odoo19 odoo.tests.tag_selector: Invalid tag /multichannel_hub_fulfillment/tests/test_gearment_adapter_phase1 
2026-04-30 11:10:36,886 856 ERROR namco_odoo19 odoo.tests.tag_selector: Invalid tag /multichannel_hub_fulfillment/tests/test_gearment_api_log_db 
2026-04-30 11:10:36,886 856 ERROR namco_odoo19 odoo.tests.tag_selector: Invalid tag /multichannel_hub_fulfillment/tests/test_gearment_adapter_orm 
2026-04-30 11:10:36,886 856 ERROR namco_odoo19 odoo.tests.tag_selector: Invalid tag /multichannel_hub_fulfillment/tests/test_gearment_adapter_phase1 
2026-04-30 11:10:36,953 856 ERROR namco_odoo19 odoo.tests.tag_selector: Invalid tag /multichannel_hub_fulfillment/tests/test_gearment_api_log_db 
2026-04-30 11:10:36,953 856 ERROR namco_odoo19 odoo.tests.tag_selector: Invalid tag /multichannel_hub_fulfillment/tests/test_gearment_adapter_orm 
2026-04-30 11:10:36,953 856 ERROR namco_odoo19 odoo.tests.tag_selector: Invalid tag /multichannel_hub_fulfillment/tests/test_gearment_adapter_phase1 
2026-04-30 11:10:36,957 856 ERROR namco_odoo19 odoo.tests.tag_selector: Invalid tag /multichannel_hub_fulfillment/tests/test_gearment_api_log_db 
2026-04-30 11:10:36,957 856 ERROR namco_odoo19 odoo.tests.tag_selector: Invalid tag /multichannel_hub_fulfillment/tests/test_gearment_adapter_orm 
2026-04-30 11:10:36,957 856 ERROR namco_odoo19 odoo.tests.tag_selector: Invalid tag /multichannel_hub_fulfillment/tests/test_gearment_adapter_phase1 
2026-04-30 11:10:36,963 856 ERROR namco_odoo19 odoo.tests.tag_selector: Invalid tag /multichannel_hub_fulfillment/tests/test_gearment_api_log_db 
2026-04-30 11:10:36,964 856 ERROR namco_odoo19 odoo.tests.tag_selector: Invalid tag /multichannel_hub_fulfillment/tests/test_gearment_adapter_orm 
2026-04-30 11:10:36,964 856 ERROR namco_odoo19 odoo.tests.tag_selector: Invalid tag /multichannel_hub_fulfillment/tests/test_gearment_adapter_phase1 
2026-04-30 11:10:37,008 856 ERROR namco_odoo19 odoo.tests.tag_selector: Invalid tag /multichannel_hub_fulfillment/tests/test_gearment_api_log_db 
2026-04-30 11:10:37,009 856 ERROR namco_odoo19 odoo.tests.tag_selector: Invalid tag /multichannel_hub_fulfillment/tests/test_gearment_adapter_orm 
2026-04-30 11:10:37,009 856 ERROR namco_odoo19 odoo.tests.tag_selector: Invalid tag /multichannel_hub_fulfillment/tests/test_gearment_adapter_phase1 
2026-04-30 11:10:37,051 856 ERROR namco_odoo19 odoo.tests.tag_selector: Invalid tag /multichannel_hub_fulfillment/tests/test_gearment_api_log_db 
2026-04-30 11:10:37,052 856 ERROR namco_odoo19 odoo.tests.tag_selector: Invalid tag /multichannel_hub_fulfillment/tests/test_gearment_adapter_orm 
2026-04-30 11:10:37,052 856 ERROR namco_odoo19 odoo.tests.tag_selector: Invalid tag /multichannel_hub_fulfillment/tests/test_gearment_adapter_phase1 
2026-04-30 11:10:37,063 856 ERROR namco_odoo19 odoo.tests.tag_selector: Invalid tag /multichannel_hub_fulfillment/tests/test_gearment_api_log_db 
2026-04-30 11:10:37,064 856 ERROR namco_odoo19 odoo.tests.tag_selector: Invalid tag /multichannel_hub_fulfillment/tests/test_gearment_adapter_orm 
2026-04-30 11:10:37,064 856 ERROR namco_odoo19 odoo.tests.tag_selector: Invalid tag /multichannel_hub_fulfillment/tests/test_gearment_adapter_phase1 
2026-04-30 11:10:37,080 856 ERROR namco_odoo19 odoo.tests.tag_selector: Invalid tag /multichannel_hub_fulfillment/tests/test_gearment_api_log_db 
2026-04-30 11:10:37,080 856 ERROR namco_odoo19 odoo.tests.tag_selector: Invalid tag /multichannel_hub_fulfillment/tests/test_gearment_adapter_orm 
2026-04-30 11:10:37,080 856 ERROR namco_odoo19 odoo.tests.tag_selector: Invalid tag /multichannel_hub_fulfillment/tests/test_gearment_adapter_phase1 
2026-04-30 11:10:37,094 856 ERROR namco_odoo19 odoo.tests.tag_selector: Invalid tag /multichannel_hub_fulfillment/tests/test_gearment_api_log_db 
2026-04-30 11:10:37,094 856 ERROR namco_odoo19 odoo.tests.tag_selector: Invalid tag /multichannel_hub_fulfillment/tests/test_gearment_adapter_orm 
2026-04-30 11:10:37,094 856 ERROR namco_odoo19 odoo.tests.tag_selector: Invalid tag /multichannel_hub_fulfillment/tests/test_gearment_adapter_phase1 
2026-04-30 11:10:37,098 856 ERROR namco_odoo19 odoo.tests.tag_selector: Invalid tag /multichannel_hub_fulfillment/tests/test_gearment_api_log_db 
2026-04-30 11:10:37,098 856 ERROR namco_odoo19 odoo.tests.tag_selector: Invalid tag /multichannel_hub_fulfillment/tests/test_gearment_adapter_orm 
2026-04-30 11:10:37,098 856 ERROR namco_odoo19 odoo.tests.tag_selector: Invalid tag /multichannel_hub_fulfillment/tests/test_gearment_adapter_phase1 
2026-04-30 11:10:37,144 856 ERROR namco_odoo19 odoo.tests.tag_selector: Invalid tag /multichannel_hub_fulfillment/tests/test_gearment_api_log_db 
2026-04-30 11:10:37,144 856 ERROR namco_odoo19 odoo.tests.tag_selector: Invalid tag /multichannel_hub_fulfillment/tests/test_gearment_adapter_orm 
2026-04-30 11:10:37,144 856 ERROR namco_odoo19 odoo.tests.tag_selector: Invalid tag /multichannel_hub_fulfillment/tests/test_gearment_adapter_phase1 
2026-04-30 11:10:37,148 856 ERROR namco_odoo19 odoo.tests.tag_selector: Invalid tag /multichannel_hub_fulfillment/tests/test_gearment_api_log_db 
2026-04-30 11:10:37,148 856 ERROR namco_odoo19 odoo.tests.tag_selector: Invalid tag /multichannel_hub_fulfillment/tests/test_gearment_adapter_orm 
2026-04-30 11:10:37,148 856 ERROR namco_odoo19 odoo.tests.tag_selector: Invalid tag /multichannel_hub_fulfillment/tests/test_gearment_adapter_phase1 
2026-04-30 11:10:37,151 856 ERROR namco_odoo19 odoo.tests.tag_selector: Invalid tag /multichannel_hub_fulfillment/tests/test_gearment_api_log_db 
2026-04-30 11:10:37,151 856 ERROR namco_odoo19 odoo.tests.tag_selector: Invalid tag /multichannel_hub_fulfillment/tests/test_gearment_adapter_orm 
2026-04-30 11:10:37,151 856 ERROR namco_odoo19 odoo.tests.tag_selector: Invalid tag /multichannel_hub_fulfillment/tests/test_gearment_adapter_phase1 
2026-04-30 11:10:37,155 856 ERROR namco_odoo19 odoo.tests.tag_selector: Invalid tag /multichannel_hub_fulfillment/tests/test_gearment_api_log_db 
2026-04-30 11:10:37,155 856 ERROR namco_odoo19 odoo.tests.tag_selector: Invalid tag /multichannel_hub_fulfillment/tests/test_gearment_adapter_orm 
2026-04-30 11:10:37,155 856 ERROR namco_odoo19 odoo.tests.tag_selector: Invalid tag /multichannel_hub_fulfillment/tests/test_gearment_adapter_phase1 
2026-04-30 11:10:37,157 856 ERROR namco_odoo19 odoo.tests.tag_selector: Invalid tag /multichannel_hub_fulfillment/tests/test_gearment_api_log_db 
2026-04-30 11:10:37,157 856 ERROR namco_odoo19 odoo.tests.tag_selector: Invalid tag /multichannel_hub_fulfillment/tests/test_gearment_adapter_orm 
2026-04-30 11:10:37,157 856 ERROR namco_odoo19 odoo.tests.tag_selector: Invalid tag /multichannel_hub_fulfillment/tests/test_gearment_adapter_phase1 
2026-04-30 11:10:37,172 856 ERROR namco_odoo19 odoo.tests.tag_selector: Invalid tag /multichannel_hub_fulfillment/tests/test_gearment_api_log_db 
2026-04-30 11:10:37,172 856 ERROR namco_odoo19 odoo.tests.tag_selector: Invalid tag /multichannel_hub_fulfillment/tests/test_gearment_adapter_orm 
2026-04-30 11:10:37,172 856 ERROR namco_odoo19 odoo.tests.tag_selector: Invalid tag /multichannel_hub_fulfillment/tests/test_gearment_adapter_phase1 
2026-04-30 11:10:37,189 856 ERROR namco_odoo19 odoo.tests.tag_selector: Invalid tag /multichannel_hub_fulfillment/tests/test_gearment_api_log_db 
2026-04-30 11:10:37,190 856 ERROR namco_odoo19 odoo.tests.tag_selector: Invalid tag /multichannel_hub_fulfillment/tests/test_gearment_adapter_orm 
2026-04-30 11:10:37,190 856 ERROR namco_odoo19 odoo.tests.tag_selector: Invalid tag /multichannel_hub_fulfillment/tests/test_gearment_adapter_phase1 
2026-04-30 11:10:37,199 856 ERROR namco_odoo19 odoo.tests.tag_selector: Invalid tag /multichannel_hub_fulfillment/tests/test_gearment_api_log_db 
2026-04-30 11:10:37,199 856 ERROR namco_odoo19 odoo.tests.tag_selector: Invalid tag /multichannel_hub_fulfillment/tests/test_gearment_adapter_orm 
2026-04-30 11:10:37,199 856 ERROR namco_odoo19 odoo.tests.tag_selector: Invalid tag /multichannel_hub_fulfillment/tests/test_gearment_adapter_phase1 
2026-04-30 11:10:37,202 856 ERROR namco_odoo19 odoo.tests.tag_selector: Invalid tag /multichannel_hub_fulfillment/tests/test_gearment_api_log_db 
2026-04-30 11:10:37,202 856 ERROR namco_odoo19 odoo.tests.tag_selector: Invalid tag /multichannel_hub_fulfillment/tests/test_gearment_adapter_orm 
2026-04-30 11:10:37,202 856 ERROR namco_odoo19 odoo.tests.tag_selector: Invalid tag /multichannel_hub_fulfillment/tests/test_gearment_adapter_phase1 
2026-04-30 11:10:37,205 856 ERROR namco_odoo19 odoo.tests.tag_selector: Invalid tag /multichannel_hub_fulfillment/tests/test_gearment_api_log_db 
2026-04-30 11:10:37,205 856 ERROR namco_odoo19 odoo.tests.tag_selector: Invalid tag /multichannel_hub_fulfillment/tests/test_gearment_adapter_orm 
2026-04-30 11:10:37,205 856 ERROR namco_odoo19 odoo.tests.tag_selector: Invalid tag /multichannel_hub_fulfillment/tests/test_gearment_adapter_phase1 
2026-04-30 11:10:37,214 856 ERROR namco_odoo19 odoo.tests.tag_selector: Invalid tag /multichannel_hub_fulfillment/tests/test_gearment_api_log_db 
2026-04-30 11:10:37,214 856 ERROR namco_odoo19 odoo.tests.tag_selector: Invalid tag /multichannel_hub_fulfillment/tests/test_gearment_adapter_orm 
2026-04-30 11:10:37,214 856 ERROR namco_odoo19 odoo.tests.tag_selector: Invalid tag /multichannel_hub_fulfillment/tests/test_gearment_adapter_phase1 
2026-04-30 11:10:37,251 856 ERROR namco_odoo19 odoo.tests.tag_selector: Invalid tag /multichannel_hub_fulfillment/tests/test_gearment_api_log_db 
2026-04-30 11:10:37,251 856 ERROR namco_odoo19 odoo.tests.tag_selector: Invalid tag /multichannel_hub_fulfillment/tests/test_gearment_adapter_orm 
2026-04-30 11:10:37,251 856 ERROR namco_odoo19 odoo.tests.tag_selector: Invalid tag /multichannel_hub_fulfillment/tests/test_gearment_adapter_phase1 
2026-04-30 11:10:37,300 856 ERROR namco_odoo19 odoo.tests.tag_selector: Invalid tag /multichannel_hub_fulfillment/tests/test_gearment_api_log_db 
2026-04-30 11:10:37,300 856 ERROR namco_odoo19 odoo.tests.tag_selector: Invalid tag /multichannel_hub_fulfillment/tests/test_gearment_adapter_orm 
2026-04-30 11:10:37,300 856 ERROR namco_odoo19 odoo.tests.tag_selector: Invalid tag /multichannel_hub_fulfillment/tests/test_gearment_adapter_phase1 
2026-04-30 11:10:37,317 856 ERROR namco_odoo19 odoo.tests.tag_selector: Invalid tag /multichannel_hub_fulfillment/tests/test_gearment_api_log_db 
2026-04-30 11:10:37,317 856 ERROR namco_odoo19 odoo.tests.tag_selector: Invalid tag /multichannel_hub_fulfillment/tests/test_gearment_adapter_orm 
2026-04-30 11:10:37,317 856 ERROR namco_odoo19 odoo.tests.tag_selector: Invalid tag /multichannel_hub_fulfillment/tests/test_gearment_adapter_phase1 
2026-04-30 11:10:37,318 856 ERROR namco_odoo19 odoo.tests.tag_selector: Invalid tag /multichannel_hub_fulfillment/tests/test_gearment_api_log_db 
2026-04-30 11:10:37,318 856 ERROR namco_odoo19 odoo.tests.tag_selector: Invalid tag /multichannel_hub_fulfillment/tests/test_gearment_adapter_orm 
2026-04-30 11:10:37,318 856 ERROR namco_odoo19 odoo.tests.tag_selector: Invalid tag /multichannel_hub_fulfillment/tests/test_gearment_adapter_phase1 
2026-04-30 11:10:37,321 856 ERROR namco_odoo19 odoo.tests.tag_selector: Invalid tag /multichannel_hub_fulfillment/tests/test_gearment_api_log_db 
2026-04-30 11:10:37,321 856 ERROR namco_odoo19 odoo.tests.tag_selector: Invalid tag /multichannel_hub_fulfillment/tests/test_gearment_adapter_orm 
2026-04-30 11:10:37,321 856 ERROR namco_odoo19 odoo.tests.tag_selector: Invalid tag /multichannel_hub_fulfillment/tests/test_gearment_adapter_phase1 
2026-04-30 11:10:37,324 856 ERROR namco_odoo19 odoo.tests.tag_selector: Invalid tag /multichannel_hub_fulfillment/tests/test_gearment_api_log_db 
2026-04-30 11:10:37,324 856 ERROR namco_odoo19 odoo.tests.tag_selector: Invalid tag /multichannel_hub_fulfillment/tests/test_gearment_adapter_orm 
2026-04-30 11:10:37,324 856 ERROR namco_odoo19 odoo.tests.tag_selector: Invalid tag /multichannel_hub_fulfillment/tests/test_gearment_adapter_phase1 
2026-04-30 11:10:37,327 856 ERROR namco_odoo19 odoo.tests.tag_selector: Invalid tag /multichannel_hub_fulfillment/tests/test_gearment_api_log_db 
2026-04-30 11:10:37,327 856 ERROR namco_odoo19 odoo.tests.tag_selector: Invalid tag /multichannel_hub_fulfillment/tests/test_gearment_adapter_orm 
2026-04-30 11:10:37,327 856 ERROR namco_odoo19 odoo.tests.tag_selector: Invalid tag /multichannel_hub_fulfillment/tests/test_gearment_adapter_phase1 
2026-04-30 11:10:37,328 856 ERROR namco_odoo19 odoo.tests.tag_selector: Invalid tag /multichannel_hub_fulfillment/tests/test_gearment_api_log_db 
2026-04-30 11:10:37,328 856 ERROR namco_odoo19 odoo.tests.tag_selector: Invalid tag /multichannel_hub_fulfillment/tests/test_gearment_adapter_orm 
2026-04-30 11:10:37,328 856 ERROR namco_odoo19 odoo.tests.tag_selector: Invalid tag /multichannel_hub_fulfillment/tests/test_gearment_adapter_phase1 
2026-04-30 11:10:37,332 856 ERROR namco_odoo19 odoo.tests.tag_selector: Invalid tag /multichannel_hub_fulfillment/tests/test_gearment_api_log_db 
2026-04-30 11:10:37,332 856 ERROR namco_odoo19 odoo.tests.tag_selector: Invalid tag /multichannel_hub_fulfillment/tests/test_gearment_adapter_orm 
2026-04-30 11:10:37,332 856 ERROR namco_odoo19 odoo.tests.tag_selector: Invalid tag /multichannel_hub_fulfillment/tests/test_gearment_adapter_phase1 
2026-04-30 11:10:37,338 856 ERROR namco_odoo19 odoo.tests.tag_selector: Invalid tag /multichannel_hub_fulfillment/tests/test_gearment_api_log_db 
2026-04-30 11:10:37,338 856 ERROR namco_odoo19 odoo.tests.tag_selector: Invalid tag /multichannel_hub_fulfillment/tests/test_gearment_adapter_orm 
2026-04-30 11:10:37,338 856 ERROR namco_odoo19 odoo.tests.tag_selector: Invalid tag /multichannel_hub_fulfillment/tests/test_gearment_adapter_phase1 
2026-04-30 11:10:37,342 856 ERROR namco_odoo19 odoo.tests.tag_selector: Invalid tag /multichannel_hub_fulfillment/tests/test_gearment_api_log_db 
2026-04-30 11:10:37,342 856 ERROR namco_odoo19 odoo.tests.tag_selector: Invalid tag /multichannel_hub_fulfillment/tests/test_gearment_adapter_orm 
2026-04-30 11:10:37,342 856 ERROR namco_odoo19 odoo.tests.tag_selector: Invalid tag /multichannel_hub_fulfillment/tests/test_gearment_adapter_phase1 
2026-04-30 11:10:37,344 856 ERROR namco_odoo19 odoo.tests.tag_selector: Invalid tag /multichannel_hub_fulfillment/tests/test_gearment_api_log_db 
2026-04-30 11:10:37,344 856 ERROR namco_odoo19 odoo.tests.tag_selector: Invalid tag /multichannel_hub_fulfillment/tests/test_gearment_adapter_orm 
2026-04-30 11:10:37,344 856 ERROR namco_odoo19 odoo.tests.tag_selector: Invalid tag /multichannel_hub_fulfillment/tests/test_gearment_adapter_phase1 
2026-04-30 11:10:37,346 856 ERROR namco_odoo19 odoo.tests.tag_selector: Invalid tag /multichannel_hub_fulfillment/tests/test_gearment_api_log_db 
2026-04-30 11:10:37,346 856 ERROR namco_odoo19 odoo.tests.tag_selector: Invalid tag /multichannel_hub_fulfillment/tests/test_gearment_adapter_orm 
2026-04-30 11:10:37,346 856 ERROR namco_odoo19 odoo.tests.tag_selector: Invalid tag /multichannel_hub_fulfillment/tests/test_gearment_adapter_phase1 
2026-04-30 11:10:37,351 856 ERROR namco_odoo19 odoo.tests.tag_selector: Invalid tag /multichannel_hub_fulfillment/tests/test_gearment_api_log_db 
2026-04-30 11:10:37,351 856 ERROR namco_odoo19 odoo.tests.tag_selector: Invalid tag /multichannel_hub_fulfillment/tests/test_gearment_adapter_orm 
2026-04-30 11:10:37,351 856 ERROR namco_odoo19 odoo.tests.tag_selector: Invalid tag /multichannel_hub_fulfillment/tests/test_gearment_adapter_phase1 
2026-04-30 11:10:37,354 856 ERROR namco_odoo19 odoo.tests.tag_selector: Invalid tag /multichannel_hub_fulfillment/tests/test_gearment_api_log_db 
2026-04-30 11:10:37,354 856 ERROR namco_odoo19 odoo.tests.tag_selector: Invalid tag /multichannel_hub_fulfillment/tests/test_gearment_adapter_orm 
2026-04-30 11:10:37,355 856 ERROR namco_odoo19 odoo.tests.tag_selector: Invalid tag /multichannel_hub_fulfillment/tests/test_gearment_adapter_phase1 
2026-04-30 11:10:37,364 856 ERROR namco_odoo19 odoo.tests.tag_selector: Invalid tag /multichannel_hub_fulfillment/tests/test_gearment_api_log_db 
2026-04-30 11:10:37,364 856 ERROR namco_odoo19 odoo.tests.tag_selector: Invalid tag /multichannel_hub_fulfillment/tests/test_gearment_adapter_orm 
2026-04-30 11:10:37,365 856 ERROR namco_odoo19 odoo.tests.tag_selector: Invalid tag /multichannel_hub_fulfillment/tests/test_gearment_adapter_phase1 
2026-04-30 11:10:37,376 856 ERROR namco_odoo19 odoo.tests.tag_selector: Invalid tag /multichannel_hub_fulfillment/tests/test_gearment_api_log_db 
2026-04-30 11:10:37,376 856 ERROR namco_odoo19 odoo.tests.tag_selector: Invalid tag /multichannel_hub_fulfillment/tests/test_gearment_adapter_orm 
2026-04-30 11:10:37,376 856 ERROR namco_odoo19 odoo.tests.tag_selector: Invalid tag /multichannel_hub_fulfillment/tests/test_gearment_adapter_phase1 
2026-04-30 11:10:37,378 856 ERROR namco_odoo19 odoo.tests.tag_selector: Invalid tag /multichannel_hub_fulfillment/tests/test_gearment_api_log_db 
2026-04-30 11:10:37,378 856 ERROR namco_odoo19 odoo.tests.tag_selector: Invalid tag /multichannel_hub_fulfillment/tests/test_gearment_adapter_orm 
2026-04-30 11:10:37,378 856 ERROR namco_odoo19 odoo.tests.tag_selector: Invalid tag /multichannel_hub_fulfillment/tests/test_gearment_adapter_phase1 
2026-04-30 11:10:37,382 856 ERROR namco_odoo19 odoo.tests.tag_selector: Invalid tag /multichannel_hub_fulfillment/tests/test_gearment_api_log_db 
2026-04-30 11:10:37,382 856 ERROR namco_odoo19 odoo.tests.tag_selector: Invalid tag /multichannel_hub_fulfillment/tests/test_gearment_adapter_orm 
2026-04-30 11:10:37,382 856 ERROR namco_odoo19 odoo.tests.tag_selector: Invalid tag /multichannel_hub_fulfillment/tests/test_gearment_adapter_phase1 
2026-04-30 11:10:37,434 856 WARNING namco_odoo19 odoo.registry: Model attribute '_sql_constraints' is no longer supported, please define model.Constraint on the model. 
2026-04-30 11:10:37,435 856 WARNING namco_odoo19 odoo.registry: Model attribute '_sql_constraints' is no longer supported, please define model.Constraint on the model. 
2026-04-30 11:10:37,435 856 WARNING namco_odoo19 odoo.registry: Model attribute '_sql_constraints' is no longer supported, please define model.Constraint on the model. 
2026-04-30 11:10:37,435 856 ERROR namco_odoo19 odoo.tests.tag_selector: Invalid tag /multichannel_hub_fulfillment/tests/test_gearment_api_log_db 
2026-04-30 11:10:37,435 856 ERROR namco_odoo19 odoo.tests.tag_selector: Invalid tag /multichannel_hub_fulfillment/tests/test_gearment_adapter_orm 
2026-04-30 11:10:37,435 856 ERROR namco_odoo19 odoo.tests.tag_selector: Invalid tag /multichannel_hub_fulfillment/tests/test_gearment_adapter_phase1 
2026-04-30 11:10:37,496 856 WARNING namco_odoo19 odoo.registry: Model attribute '_sql_constraints' is no longer supported, please define model.Constraint on the model. 
2026-04-30 11:10:37,497 856 WARNING namco_odoo19 odoo.registry: Model attribute '_sql_constraints' is no longer supported, please define model.Constraint on the model. 
2026-04-30 11:10:37,497 856 WARNING namco_odoo19 odoo.registry: Model attribute '_sql_constraints' is no longer supported, please define model.Constraint on the model. 
2026-04-30 11:10:37,497 856 WARNING namco_odoo19 odoo.registry: Model attribute '_sql_constraints' is no longer supported, please define model.Constraint on the model. 
2026-04-30 11:10:37,497 856 WARNING namco_odoo19 odoo.registry: Model attribute '_sql_constraints' is no longer supported, please define model.Constraint on the model. 
2026-04-30 11:10:37,498 856 ERROR namco_odoo19 odoo.tests.tag_selector: Invalid tag /multichannel_hub_fulfillment/tests/test_gearment_api_log_db 
2026-04-30 11:10:37,498 856 ERROR namco_odoo19 odoo.tests.tag_selector: Invalid tag /multichannel_hub_fulfillment/tests/test_gearment_adapter_orm 
2026-04-30 11:10:37,498 856 ERROR namco_odoo19 odoo.tests.tag_selector: Invalid tag /multichannel_hub_fulfillment/tests/test_gearment_adapter_phase1 
2026-04-30 11:10:37,568 856 ERROR namco_odoo19 odoo.tests.tag_selector: Invalid tag /multichannel_hub_fulfillment/tests/test_gearment_api_log_db 
2026-04-30 11:10:37,568 856 ERROR namco_odoo19 odoo.tests.tag_selector: Invalid tag /multichannel_hub_fulfillment/tests/test_gearment_adapter_orm 
2026-04-30 11:10:37,569 856 ERROR namco_odoo19 odoo.tests.tag_selector: Invalid tag /multichannel_hub_fulfillment/tests/test_gearment_adapter_phase1 
2026-04-30 11:10:37,592 856 INFO namco_odoo19 odoo.modules.loading: 100 modules loaded in 1.60s, 0 queries (+0 extra) 
2026-04-30 11:10:37,874 856 INFO namco_odoo19 odoo.modules.loading: Modules loaded. 
2026-04-30 11:10:37,992 856 INFO namco_odoo19 odoo.registry: Registry loaded in 2.435s 
2026-04-30 11:10:37,992 856 INFO namco_odoo19 odoo.service.server: Starting post tests 
2026-04-30 11:10:37,992 856 ERROR namco_odoo19 odoo.tests.tag_selector: Invalid tag /multichannel_hub_fulfillment/tests/test_gearment_api_log_db 
2026-04-30 11:10:37,992 856 ERROR namco_odoo19 odoo.tests.tag_selector: Invalid tag /multichannel_hub_fulfillment/tests/test_gearment_adapter_orm 
2026-04-30 11:10:37,992 856 ERROR namco_odoo19 odoo.tests.tag_selector: Invalid tag /multichannel_hub_fulfillment/tests/test_gearment_adapter_phase1 
2026-04-30 11:10:38,086 856 INFO namco_odoo19 odoo.service.server: 0 post-tests in 0.09s, 0 queries 
2026-04-30 11:10:38,087 856 WARNING namco_odoo19 odoo.tests.result: 0 failed, 0 error(s) of 0 tests when loading database 'namco_odoo19' 
2026-04-30 11:10:38,087 856 INFO namco_odoo19 odoo.service.server: Initiating shutdown 
2026-04-30 11:10:38,087 856 INFO namco_odoo19 odoo.service.server: Hit CTRL-C again or send a second signal to force the shutdown. 
2026-04-30 11:10:38,572 856 INFO namco_odoo19 odoo.sql_db: ConnectionPool(read/write;used=0/count=0/max=32): Closed 1 connections  
